User name: Leanne Graham
  City (nested key): Gwenborough
