<fetch url="http://www.mocky.io/v2/5e7f38562f00007200bac2ab" before="">Response from API</fetch>
